// Jest Snapshot v1, https://goo.gl/fbAQLP

exports[`<Routing /> render() renders the component 1`] = `
<Switch>
  <Route
    component={[Function]}
    exact={true}
    path="/"
  />
  <Route
    component={[Function]}
    path="/member/:id"
  />
</Switch>
`;
